// Jest Snapshot v1, https://goo.gl/fbAQLP

exports[`Search Component Tests Matches Snapshot 1`] = `
<div
  className="search__bar"
  data-testid="search"
>
  Search
  <input
    data-testid="search-input"
    onChange={[Function]}
    placeholder="Search for movie..."
    type="search"
    value=""
  />
</div>
`;
